Microchip MPLAB XC8 Compiler V1.38 ()

Linker command line:

-W-3 --edf=C:\Program Files (x86)\Microchip\xc8\v1.38\dat\en_msgs.txt -cs \
  -h+dist/default/debug\65k40.X.debug.sym \
  --cmf=dist/default/debug\65k40.X.debug.cmf -z -Q18LF65K40 \
  -oC:\Users\user\AppData\Local\Temp\se1o.2 \
  -Mdist/default/debug/65k40.X.debug.map -E1 -ver=XC8 -ASTACK=06FEh-07ffh \
  -pstack=STACK -ACODE=00h-07FFFh -ACONST=00h-07FFFh \
  -ASMALLCONST=0800h-08FFhx120 -AMEDIUMCONST=0800h-07FFFh -ACOMRAM=01h-05Fh \
  -AABS1=00h-07FFh -ABIGRAM=01h-07FFh -ARAM=060h-0FFh,0100h-01FFhx7 \
  -ABANK0=060h-0FFh -ABANK1=0100h-01FFh -ABANK2=0200h-02FFh \
  -ABANK3=0300h-03FFh -ABANK4=0400h-04FFh -ABANK5=0500h-05FFh \
  -ABANK6=0600h-06FFh -ABANK7=0700h-07FFh \
  -ASFR=0DDEh-0DFFh,0E00h-0EFFh,0F00h-0F5Fh,0F60h-0FFFh \
  -preset_vec=00h,intcode=08h,intcodelo,powerup,init,end_init \
  -pramtop=0800h -psmallconst=SMALLCONST -pmediumconst=MEDIUMCONST \
  -pconst=CONST -AFARRAM=00h-00h -ACONFIG=0300000h-030000Bh -pconfig=CONFIG \
  -AIDLOC=0200000h-020000Fh -pidloc=IDLOC -AEEDATA=0310000h-03103FFh \
  -peeprom_data=EEDATA \
  -prdata=COMRAM,nvrram=COMRAM,nvbit=COMRAM,rbss=COMRAM,rbit=COMRAM \
  -pfarbss=FARRAM,fardata=FARRAM,nvFARRAM=FARRAM \
  -pintsave_regs=BIGRAM,bigbss=BIGRAM,bigdata=BIGRAM -pbss=RAM \
  -pidata=CODE,irdata=CODE,ibigdata=CODE,ifardata=CODE -prparam=COMRAM \
  C:\Users\user\AppData\Local\Temp\se1o.obj \
  dist/default/debug\65k40.X.debug.obj 

Object code version is 3.11

Machine type is 18LF65K40

Call graph: (short form)




                Name                               Link     Load   Length Selector   Space Scale
C:\Users\user\AppData\Local\Temp\se1o.obj
                stack                               6FE      6FE      102      6FE       2
                end_init                             92       92        4        4       0
                init                                 8E       8E        4        4       0
                reset_vec                             0        0        6        0       0
                idloc                            200000   200000       10   200000       0
                config                           300000   300000        C   300000       0
dist/default/debug\65k40.X.debug.obj
                intcode                               8        8       86        4       0
                temp                                 4A       4A        C        1       1
                mediumconst                        7E6C     7E6C      194     3F36       0
                text216                            7900     7900        2        4       0
                text215                            75AC     75AC       1E        4       0
                text214                            78D2     78D2        6        4       0
                text213                            78FE     78FE        2        4       0
                text212                            758E     758E       1E        4       0
                text211                            78CC     78CC        6        4       0
                text210                            78FC     78FC        2        4       0
                text209                            7570     7570       1E        4       0
                text208                            78C6     78C6        6        4       0
                text207                            78FA     78FA        2        4       0
                text206                            7386     7386       26        4       0
                text205                            7882     7882        8        4       0
                text204                            74BA     74BA       20        4       0
                text203                            4E78     4E78       EC        4       0
                text202                            4C9E     4C9E       EE        4       0
                text201                            761E     761E       1C        4       0
                text200                            6ED0     6ED0       3E        4       0
                text199                            6B1C     6B1C       4C        4       0
                text198                            78F8     78F8        2        4       0
                text197                            7552     7552       1E        4       0
                text196                            73D0     73D0       24        4       0
                text194                            787A     787A        8        4       0
                text193                            624E     624E       70        4       0
                text192                            69E0     69E0       52        4       0
                text191                            68E6     68E6       56        4       0
                text190                            72C0     72C0       2A        4       0
                text189                            64CE     64CE       66        4       0
                text188                            6468     6468       66        4       0
                text187                            6D94     6D94       42        4       0
                text186                            749A     749A       20        4       0
                text185                            4D8C     4D8C       EC        4       0
                text184                            4BAC     4BAC       F2        4       0
                text183                            7602     7602       1C        4       0
                text182                            6E92     6E92       3E        4       0
                text181                            60EA     60EA       7C        4       0
                text180                            5D66     5D66       88        4       0
                text179                            75E6     75E6       1C        4       0
                text178                            6166     6166       76        4       0
                text177                            371E     371E      19C        4       0
                text176                            78EC     78EC        4        4       0
                text175                            78E8     78E8        4        4       0
                text174                            773A     773A       14        4       0
                text173                            7296     7296       2A        4       0
                text172                            7098     7098       34        4       0
                text171                            78E4     78E4        4        4       0
                text170                            78E0     78E0        4        4       0
                text169                            7772     7772       12        4       0
                text168                            7838     7838        A        4       0
                text167                            7534     7534       1E        4       0
                text166                            665E     665E       62        4       0
                text165                            5120     5120       DC        4       0
                text164                            78C0     78C0        6        4       0
                text163                            7360     7360       26        4       0
                text162                            52D6     52D6       D8        4       0
                text161                            7162     7162       32        4       0
                text160                            38BA     38BA      196        4       0
                text159                            782E     782E        A        4       0
                text158                            6ACE     6ACE       4E        4       0
                text157                            5788     5788       B4        4       0
                text156                            3ECE     3ECE      15E        4       0
                text155                            5F74     5F74       7E        4       0
                text154                            56D2     56D2       B6        4       0
                text153                            77AE     77AE        E        4       0
                text152                            677E     677E       5E        4       0
                text151                            29C8     29C8      23C        4       0
                text150                            3D6C     3D6C      162        4       0
                text149                            2138     2138      2F2        4       0
                text148                            7312     7312       28        4       0
                text147                            6BB2     6BB2       4A        4       0
                text146                            48B8     48B8      102        4       0
                text145                            182C     182C      31C        4       0
                text144                            698E     698E       52        4       0
                text143                            6E54     6E54       3E        4       0
                text142                            5DEE     5DEE       86        4       0
                text141                            6A80     6A80       4E        4       0
                text140                            7438     7438       22        4       0
                text139                            4686     4686      12C        4       0
                text138                            65FC     65FC       62        4       0
                text137                            6598     6598       64        4       0
                text136                            547E     547E       CE        4       0
                text135                            13B4     13B4      478        4       0
                text134                            2FF4     2FF4      1EE        4       0
                text133                            7872     7872        8        4       0
                text132                            5E74     5E74       82        4       0
                text131                            71C2     71C2       2C        4       0
                text130                            7824     7824        A        4       0
                text129                            786A     786A        8        4       0
                text128                            7862     7862        8        4       0
                text127                            606E     606E       7C        4       0
                text126                            781A     781A        A        4       0
                text125                            7810     7810        A        4       0
                text124                            785A     785A        8        4       0
                text123                            6D52     6D52       42        4       0
                text122                            4F64     4F64       E0        4       0
                text121                            66C0     66C0       60        4       0
                text120                            7654     7654       1A        4       0
                text119                            5CDA     5CDA       8C        4       0
                text118                            77A0     77A0        E        4       0
                text117                            733A     733A       26        4       0
                text116                            2C04     2C04      200        4       0
                text115                            7516     7516       1E        4       0
                text114                            78BA     78BA        6        4       0
                text113                            7792     7792        E        4       0
                text112                            7784     7784        E        4       0
                text111                            78F6     78F6        2        4       0
                text110                            63FE     63FE       6A        4       0
                text109                            78B4     78B4        6        4       0
                text108                            747A     747A       20        4       0
                text107                            6E16     6E16       3E        4       0
                text106                             B34      B34      880        4       0
                text105                            3A50     3A50      192        4       0
                text104                            6720     6720       5E        4       0
                text103                            61DC     61DC       72        4       0
                text102                            5FF2     5FF2       7C        4       0
                text101                            5EF6     5EF6       7E        4       0
                text100                            6D10     6D10       42        4       0
                text99                             599E     599E       B0        4       0
                text98                             583C     583C       B2        4       0
                text97                             4184     4184      154        4       0
                text96                             5AFC     5AFC       A6        4       0
                text95                             78AE     78AE        6        4       0
                text94                             1E46     1E46      2F2        4       0
                text93                             1B48     1B48      2FE        4       0
                text92                             6DD6     6DD6       40        4       0
                text91                             5614     5614       BE        4       0
                text90                             7806     7806        A        4       0
                text89                             6A32     6A32       4E        4       0
                text88                             47B2     47B2      106        4       0
                text87                             6838     6838       58        4       0
                text86                             76FC     76FC       16        4       0
                text85                             7852     7852        8        4       0
                text84                             784A     784A        8        4       0
                text83                             6FF6     6FF6       38        4       0
                text82                             76CE     76CE       18        4       0
                text81                             7726     7726       14        4       0
                text80                             7416     7416       22        4       0
                text79                             356C     356C      1B2        4       0
                text78                             7130     7130       32        4       0
                text77                             74F8     74F8       1E        4       0
                text76                             6FBE     6FBE       38        4       0
                text75                             4AB6     4AB6       F6        4       0
                text74                             70FE     70FE       32        4       0
                text73                             6F84     6F84       3A        4       0
                text72                             7064     7064       34        4       0
                text71                             67DC     67DC       5C        4       0
                text70                             33AA     33AA      1C2        4       0
                text69                             76E6     76E6       16        4       0
                text68                             7712     7712       14        4       0
                text67                             42D8     42D8      148        4       0
                text66                             6B68     6B68       4A        4       0
                text65                             73AC     73AC       24        4       0
                text64                             2E04     2E04      1F0        4       0
                text63                             78A8     78A8        6        4       0
                text62                             726C     726C       2A        4       0
                text61                             6394     6394       6A        4       0
                text60                             4420     4420      134        4       0
                text59                             31E2     31E2      1C8        4       0
                text58                             763A     763A       1A        4       0
                text57                             632A     632A       6A        4       0
                text56                               96       96      A9E        4       0
                text55                             2712     2712      2B6        4       0
                text54                             5BA2     5BA2       9E        4       0
                text53                             693C     693C       52        4       0
                text52                             53AE     53AE       D0        4       0
                text51                             3BE2     3BE2      18A        4       0
                text50                             73F4     73F4       22        4       0
                text49                             6534     6534       64        4       0
                text48                             7194     7194       2E        4       0
                text47                             72EA     72EA       28        4       0
                text46                             6F4A     6F4A       3A        4       0
                text45                             6BFC     6BFC       48        4       0
                text44                             76B6     76B6       18        4       0
                text43                             769E     769E       18        4       0
                text42                             7686     7686       18        4       0
                text41                             7760     7760       12        4       0
                text40                             62BE     62BE       6C        4       0
                text39                             702E     702E       36        4       0
                text38                             6CCE     6CCE       42        4       0
                text37                             554C     554C       C8        4       0
                text36                             5A4E     5A4E       AE        4       0
                text35                             402C     402C      158        4       0
                text34                             49BA     49BA       FC        4       0
                text33                             74DA     74DA       1E        4       0
                text32                             4554     4554      132        4       0
                text31                             242A     242A      2E8        4       0
                text30                             58EE     58EE       B0        4       0
                text29                             6F0E     6F0E       3C        4       0
                text28                             7242     7242       2A        4       0
                text27                             766E     766E       18        4       0
                text26                             7218     7218       2A        4       0
                text25                             78F4     78F4        2        4       0
                text24                             77FC     77FC        A        4       0
                text23                             77F2     77F2        A        4       0
                text22                             77E8     77E8        A        4       0
                text21                             6890     6890       56        4       0
                text20                             78DC     78DC        4        4       0
                text19                             78A2     78A2        6        4       0
                text18                             789C     789C        6        4       0
                text17                             7896     7896        6        4       0
                text16                             78F2     78F2        2        4       0
                text15                             78F0     78F0        2        4       0
                text14                             7890     7890        6        4       0
                text13                             788A     788A        6        4       0
                text12                             77DE     77DE        A        4       0
                text11                             77C8     77C8        C        4       0
                text10                             745A     745A       20        4       0
                text9                              774E     774E       12        4       0
                text8                              77D4     77D4        A        4       0
                text7                              5044     5044       DC        4       0
                text6                              77BC     77BC        C        4       0
                text5                              78D8     78D8        4        4       0
                text4                              6C8A     6C8A       44        4       0
                text3                              75CA     75CA       1C        4       0
                text2                              6C44     6C44       46        4       0
                text1                              71EE     71EE       2A        4       0
                text0                              51FC     51FC       DA        4       0
                cstackCOMRAM                          1        1       2F        1       1
                cstackBANK0                          60       60       97       60       1
                cstackBANK1                         100      100       6E      100       1
                cstackBANK3                         3A0      3A0       14      300       1
                bssBIGRAM                           4E0      4E0      21E      4E0       1
                bssBANK4                            400      400       E0      400       1
                bssBANK3                            300      300       A0      300       1
                bssBANK2                            200      200       F5      200       1
                dataBANK1                           1BD      1BD       32      100       1
                bssBANK1                            16E      16E       4F      100       1
                dataCOMRAM                           56       56        8        1       1
                bssCOMRAM                            30       30       1A        1       1
                cinit                              5C40     5C40       9A        4       0
                nvBANK1                             1EF      1EF        A      100       1
                nvCOMRAM                             5E       5E        2        1       1
                idataBANK1                         70CC     70CC       32        4       0
                idataCOMRAM                        7842     7842        8        4       0

TOTAL           Name                               Link     Load   Length     Space
        CLASS   STACK          
                stack                               6FE      6FE      102         2

        CLASS   CODE           
                end_init                             92       92        4         0
                init                                 8E       8E        4         0
                intcode                               8        8       86         0
                reset_vec                             0        0        6         0
                text216                            7900     7900        2         0
                text215                            75AC     75AC       1E         0
                text214                            78D2     78D2        6         0
                text213                            78FE     78FE        2         0
                text212                            758E     758E       1E         0
                text211                            78CC     78CC        6         0
                text210                            78FC     78FC        2         0
                text209                            7570     7570       1E         0
                text208                            78C6     78C6        6         0
                text207                            78FA     78FA        2         0
                text206                            7386     7386       26         0
                text205                            7882     7882        8         0
                text204                            74BA     74BA       20         0
                text203                            4E78     4E78       EC         0
                text202                            4C9E     4C9E       EE         0
                text201                            761E     761E       1C         0
                text200                            6ED0     6ED0       3E         0
                text199                            6B1C     6B1C       4C         0
                text198                            78F8     78F8        2         0
                text197                            7552     7552       1E         0
                text196                            73D0     73D0       24         0
                text194                            787A     787A        8         0
                text193                            624E     624E       70         0
                text192                            69E0     69E0       52         0
                text191                            68E6     68E6       56         0
                text190                            72C0     72C0       2A         0
                text189                            64CE     64CE       66         0
                text188                            6468     6468       66         0
                text187                            6D94     6D94       42         0
                text186                            749A     749A       20         0
                text185                            4D8C     4D8C       EC         0
                text184                            4BAC     4BAC       F2         0
                text183                            7602     7602       1C         0
                text182                            6E92     6E92       3E         0
                text181                            60EA     60EA       7C         0
                text180                            5D66     5D66       88         0
                text179                            75E6     75E6       1C         0
                text178                            6166     6166       76         0
                text177                            371E     371E      19C         0
                text176                            78EC     78EC        4         0
                text175                            78E8     78E8        4         0
                text174                            773A     773A       14         0
                text173                            7296     7296       2A         0
                text172                            7098     7098       34         0
                text171                            78E4     78E4        4         0
                text170                            78E0     78E0        4         0
                text169                            7772     7772       12         0
                text168                            7838     7838        A         0
                text167                            7534     7534       1E         0
                text166                            665E     665E       62         0
                text165                            5120     5120       DC         0
                text164                            78C0     78C0        6         0
                text163                            7360     7360       26         0
                text162                            52D6     52D6       D8         0
                text161                            7162     7162       32         0
                text160                            38BA     38BA      196         0
                text159                            782E     782E        A         0
                text158                            6ACE     6ACE       4E         0
                text157                            5788     5788       B4         0
                text156                            3ECE     3ECE      15E         0
                text155                            5F74     5F74       7E         0
                text154                            56D2     56D2       B6         0
                text153                            77AE     77AE        E         0
                text152                            677E     677E       5E         0
                text151                            29C8     29C8      23C         0
                text150                            3D6C     3D6C      162         0
                text149                            2138     2138      2F2         0
                text148                            7312     7312       28         0
                text147                            6BB2     6BB2       4A         0
                text146                            48B8     48B8      102         0
                text145                            182C     182C      31C         0
                text144                            698E     698E       52         0
                text143                            6E54     6E54       3E         0
                text142                            5DEE     5DEE       86         0
                text141                            6A80     6A80       4E         0
                text140                            7438     7438       22         0
                text139                            4686     4686      12C         0
                text138                            65FC     65FC       62         0
                text137                            6598     6598       64         0
                text136                            547E     547E       CE         0
                text135                            13B4     13B4      478         0
                text134                            2FF4     2FF4      1EE         0
                text133                            7872     7872        8         0
                text132                            5E74     5E74       82         0
                text131                            71C2     71C2       2C         0
                text130                            7824     7824        A         0
                text129                            786A     786A        8         0
                text128                            7862     7862        8         0
                text127                            606E     606E       7C         0
                text126                            781A     781A        A         0
                text125                            7810     7810        A         0
                text124                            785A     785A        8         0
                text123                            6D52     6D52       42         0
                text122                            4F64     4F64       E0         0
                text121                            66C0     66C0       60         0
                text120                            7654     7654       1A         0
                text119                            5CDA     5CDA       8C         0
                text118                            77A0     77A0        E         0
                text117                            733A     733A       26         0
                text116                            2C04     2C04      200         0
                text115                            7516     7516       1E         0
                text114                            78BA     78BA        6         0
                text113                            7792     7792        E         0
                text112                            7784     7784        E         0
                text111                            78F6     78F6        2         0
                text110                            63FE     63FE       6A         0
                text109                            78B4     78B4        6         0
                text108                            747A     747A       20         0
                text107                            6E16     6E16       3E         0
                text106                             B34      B34      880         0
                text105                            3A50     3A50      192         0
                text104                            6720     6720       5E         0
                text103                            61DC     61DC       72         0
                text102                            5FF2     5FF2       7C         0
                text101                            5EF6     5EF6       7E         0
                text100                            6D10     6D10       42         0
                text99                             599E     599E       B0         0
                text98                             583C     583C       B2         0
                text97                             4184     4184      154         0
                text96                             5AFC     5AFC       A6         0
                text95                             78AE     78AE        6         0
                text94                             1E46     1E46      2F2         0
                text93                             1B48     1B48      2FE         0
                text92                             6DD6     6DD6       40         0
                text91                             5614     5614       BE         0
                text90                             7806     7806        A         0
                text89                             6A32     6A32       4E         0
                text88                             47B2     47B2      106         0
                text87                             6838     6838       58         0
                text86                             76FC     76FC       16         0
                text85                             7852     7852        8         0
                text84                             784A     784A        8         0
                text83                             6FF6     6FF6       38         0
                text82                             76CE     76CE       18         0
                text81                             7726     7726       14         0
                text80                             7416     7416       22         0
                text79                             356C     356C      1B2         0
                text78                             7130     7130       32         0
                text77                             74F8     74F8       1E         0
                text76                             6FBE     6FBE       38         0
                text75                             4AB6     4AB6       F6         0
                text74                             70FE     70FE       32         0
                text73                             6F84     6F84       3A         0
                text72                             7064     7064       34         0
                text71                             67DC     67DC       5C         0
                text70                             33AA     33AA      1C2         0
                text69                             76E6     76E6       16         0
                text68                             7712     7712       14         0
                text67                             42D8     42D8      148         0
                text66                             6B68     6B68       4A         0
                text65                             73AC     73AC       24         0
                text64                             2E04     2E04      1F0         0
                text63                             78A8     78A8        6         0
                text62                             726C     726C       2A         0
                text61                             6394     6394       6A         0
                text60                             4420     4420      134         0
                text59                             31E2     31E2      1C8         0
                text58                             763A     763A       1A         0
                text57                             632A     632A       6A         0
                text56                               96       96      A9E         0
                text55                             2712     2712      2B6         0
                text54                             5BA2     5BA2       9E         0
                text53                             693C     693C       52         0
                text52                             53AE     53AE       D0         0
                text51                             3BE2     3BE2      18A         0
                text50                             73F4     73F4       22         0
                text49                             6534     6534       64         0
                text48                             7194     7194       2E         0
                text47                             72EA     72EA       28         0
                text46                             6F4A     6F4A       3A         0
                text45                             6BFC     6BFC       48         0
                text44                             76B6     76B6       18         0
                text43                             769E     769E       18         0
                text42                             7686     7686       18         0
                text41                             7760     7760       12         0
                text40                             62BE     62BE       6C         0
                text39                             702E     702E       36         0
                text38                             6CCE     6CCE       42         0
                text37                             554C     554C       C8         0
                text36                             5A4E     5A4E       AE         0
                text35                             402C     402C      158         0
                text34                             49BA     49BA       FC         0
                text33                             74DA     74DA       1E         0
                text32                             4554     4554      132         0
                text31                             242A     242A      2E8         0
                text30                             58EE     58EE       B0         0
                text29                             6F0E     6F0E       3C         0
                text28                             7242     7242       2A         0
                text27                             766E     766E       18         0
                text26                             7218     7218       2A         0
                text25                             78F4     78F4        2         0
                text24                             77FC     77FC        A         0
                text23                             77F2     77F2        A         0
                text22                             77E8     77E8        A         0
                text21                             6890     6890       56         0
                text20                             78DC     78DC        4         0
                text19                             78A2     78A2        6         0
                text18                             789C     789C        6         0
                text17                             7896     7896        6         0
                text16                             78F2     78F2        2         0
                text15                             78F0     78F0        2         0
                text14                             7890     7890        6         0
                text13                             788A     788A        6         0
                text12                             77DE     77DE        A         0
                text11                             77C8     77C8        C         0
                text10                             745A     745A       20         0
                text9                              774E     774E       12         0
                text8                              77D4     77D4        A         0
                text7                              5044     5044       DC         0
                text6                              77BC     77BC        C         0
                text5                              78D8     78D8        4         0
                text4                              6C8A     6C8A       44         0
                text3                              75CA     75CA       1C         0
                text2                              6C44     6C44       46         0
                text1                              71EE     71EE       2A         0
                text0                              51FC     51FC       DA         0
                cinit                              5C40     5C40       9A         0
                idataBANK1                         70CC     70CC       32         0
                idataCOMRAM                        7842     7842        8         0

        CLASS   CONST          

        CLASS   SMALLCONST     

        CLASS   MEDIUMCONST    
                mediumconst                        7E6C     7E6C      194         0

        CLASS   COMRAM         
                temp                                 4A       4A        C         1
                cstackCOMRAM                          1        1       2F         1
                dataCOMRAM                           56       56        8         1
                bssCOMRAM                            30       30       1A         1
                nvCOMRAM                             5E       5E        2         1

        CLASS   ABS1           

        CLASS   BIGRAM         
                bssBIGRAM                           4E0      4E0      21E         1

        CLASS   RAM            

        CLASS   BANK0          
                cstackBANK0                          60       60       97         1

        CLASS   BANK1          
                cstackBANK1                         100      100       6E         1
                dataBANK1                           1BD      1BD       32         1
                bssBANK1                            16E      16E       4F         1
                nvBANK1                             1EF      1EF        A         1

        CLASS   BANK2          
                bssBANK2                            200      200       F5         1

        CLASS   BANK3          
                cstackBANK3                         3A0      3A0       14         1
                bssBANK3                            300      300       A0         1

        CLASS   BANK4          
                bssBANK4                            400      400       E0         1

        CLASS   BANK5          

        CLASS   BANK6          

        CLASS   BANK7          

        CLASS   SFR            

        CLASS   FARRAM         

        CLASS   CONFIG         
                config                           300000   300000        C         0

        CLASS   IDLOC          
                idloc                            200000   200000       10         0

        CLASS   EEDATA         



SEGMENTS        Name                           Load    Length   Top    Selector   Space  Class

                reset_vec                      000000  000006  000006         0       0  CODE    
                cstackCOMRAM                   000001  00005F  000060         1       1  COMRAM  
                intcode                        000008  0078FA  007902         4       0  CODE    
                cstackBANK0                    000060  000097  0000F7        60       1  BANK0   
                cstackBANK1                    000100  0000F9  0001F9       100       1  BANK1   
                bssBANK2                       000200  0000F5  0002F5       200       1  BANK2   
                bssBANK3                       000300  0000B4  0003B4       300       1  BANK3   
                bssBANK4                       000400  0000E0  0004E0       400       1  BANK4   
                bssBIGRAM                      0004E0  00021E  0006FE       4E0       1  BIGRAM  
                stack                          0006FE  000102  000800       6FE       2  STACK   
                mediumconst                    007E6C  000194  008000      3F36       0  MEDIUMCO
                idloc                          200000  000010  200010    200000       0  IDLOC   
                config                         300000  00000C  30000C    300000       0  CONFIG  


UNUSED ADDRESS RANGES

        Name                Unused          Largest block    Delta
        BANK0            0000F7-0000FF                9
        BANK1            0001F9-0001FF                7
        BANK2            0002F5-0002FF                B
        BANK3            0003B4-0003FF               4C
        BANK6            0006FE-0006FF                2
        BANK7            000700-0007FF              100
        BIGRAM           0000F7-0000FF                9
                         0001F9-0001FF                7
                         0002F5-0002FF                B
                         0003B4-0003FF               4C
                         0006FE-0007FF              102
        CODE             000006-000007                2
                         007902-007E6B              56A
        CONST            000006-000007                2
                         007902-007E6B              56A
        EEDATA           310000-3103FF              400
        MEDIUMCONST      007902-007E6B              56A
        RAM              0000F7-0000FF                9
                         0001F9-0001FF                7
                         0002F5-0002FF                B
                         0003B4-0003FF               4C
                         0006FE-0007FF                2
        SFR              000DDE-000FFF              100
        SMALLCONST       007902-007E6B              100

                                  Symbol Table

?_ComputeMic                                              cstackBANK0  0000DA
?_ExecuteDevStatus                                        cstackBANK0  000064
?_ExecuteDutyCycle                                        cstackBANK0  000064
?_ExecuteLinkAdr                                          cstackBANK0  000071
?_ExecuteLinkCheck                                        cstackBANK0  000064
?_ExecuteNewChannel                                       cstackBANK0  000070
?_ExecuteRxParamSetupReq                                  cstackBANK0  000070
?_ExecuteRxTimingSetup                                    cstackBANK0  000069
?_ExtractMic                                              cstackBANK0  00006E
?_GetRx1Freq                                              cstackBANK0  000064
?_MacExecuteCommands                                      cstackBANK0  00007A
?_RADIO_ReadRandom                                        cstackBANK0  000070
?_RADIO_ReceiveStart                                      cstackBANK0  000094
?_RADIO_Transmit                                          cstackBANK0  000094
?_Random                                                  cstackBANK0  000077
?_SwTimerReadValue                                        cstackBANK0  00008B
?_SwTimersInterrupt                                       cstackBANK0  00007A
?_TMR1_ReadTimer                                          cstackBANK0  000064
?_TMR_GetDeltaTime                                        cstackBANK0  00006A
?_TMR_SwapTimer                                           cstackBANK0  00006A
?___lldiv                                                 cstackBANK0  000064
?___llmod                                                 cstackBANK0  000064
?___lmul                                                  cstackBANK0  000064
?___lwmod                                                 cstackBANK0  000072
?_rand                                                    cstackBANK0  000070
?i2_SwTimersInterrupt                                     cstackCOMRAM 000017
?i2_TMR1_ReadTimer                                        cstackCOMRAM 000001
?i2_TMR_GetDeltaTime                                      cstackCOMRAM 000007
?i2_TMR_SwapTimer                                         cstackCOMRAM 000007
AESCmac@flag                                              cstackBANK1  000162
AESCmac@i                                                 cstackBANK1  000165
AESCmac@input                                             cstackBANK0  0000D0
AESCmac@j                                                 cstackBANK1  000164
AESCmac@k1                                                cstackBANK1  000110
AESCmac@k2                                                cstackBANK1  000100
AESCmac@key                                               cstackBANK0  0000CC
AESCmac@mLast                                             cstackBANK1  000120
AESCmac@n                                                 cstackBANK1  000163
AESCmac@output                                            cstackBANK0  0000CE
AESCmac@padded                                            cstackBANK1  000130
AESCmac@ptr                                               cstackBANK1  000160
AESCmac@size                                              cstackBANK0  0000D2
AESCmac@x                                                 cstackBANK1  000150
AESCmac@y                                                 cstackBANK1  000140
AESEncode@aux                                             cstackBANK0  00008B
AESEncode@aux1                                            cstackBANK0  00008D
AESEncode@aux2                                            cstackBANK0  00008C
AESEncode@aux3                                            cstackBANK0  00008E
AESEncode@block                                           cstackBANK0  00006A
AESEncode@i                                               cstackBANK0  00008F
AESEncode@key                                             cstackBANK0  000075
AESEncode@masterKey                                       cstackBANK0  00006C
AESEncodeLoRa@block                                       cstackBANK0  000090
AESEncodeLoRa@key                                         cstackBANK0  000092
AESEncodeLoRa@useKey                                      cstackBANK0  000094
AssembleEncryptionBlock@blockId                           cstackBANK0  000072
AssembleEncryptionBlock@bufferIndex                       cstackBANK0  000076
AssembleEncryptionBlock@dir                               cstackBANK0  000075
AssembleEncryptionBlock@firstByte                         cstackBANK0  000073
AssembleEncryptionBlock@frameCounter                      cstackBANK0  00006E
AssembleEncryptionBlock@multicastStatus                   cstackBANK0  000074
AssemblePacket@buffer                                     cstackBANK1  000167
AssemblePacket@bufferIndex                                cstackBANK0  0000E0
AssemblePacket@bufferLength                               cstackBANK1  000169
AssemblePacket@confirmed                                  cstackBANK0  0000DC
AssemblePacket@fCtrl                                      cstackBANK0  0000DE
AssemblePacket@macCmdIdx                                  cstackBANK0  0000DF
AssemblePacket@mhdr                                       cstackBANK0  0000DD
AssemblePacket@port                                       cstackBANK1  000166
CheckFlags@hdr                                            cstackBANK0  000064
CheckMcastFlags@hdr                                       cstackBANK0  000064
ComputeMic@buffer                                         cstackBANK0  0000DC
ComputeMic@bufferLength                                   cstackBANK0  0000DE
ComputeMic@key                                            cstackBANK0  0000DA
ComputeMic@mic                                            cstackBANK0  0000DF
ComputeSessionKeys@joinAcceptBuffer                       cstackBANK0  0000A4
ConfigureRadio@dataRate                                   cstackBANK0  000075
ConfigureRadio@freq                                       cstackBANK0  000071
ConfigureRadioRx@dataRate                                 cstackBANK0  00007A
ConfigureRadioRx@freq                                     cstackBANK0  000076
ConfigureRadioTx@dataRate                                 cstackBANK0  00007A
ConfigureRadioTx@freq                                     cstackBANK0  000076
ConfigureRadioTx@txPower                                  cstackBANK0  00007B
CountfOptsLength@i                                        cstackBANK0  00006B
CountfOptsLength@macCommandLength                         cstackBANK0  00006A
EnableChannels1@channelIndexMax                           cstackBANK0  00006C
EnableChannels1@channelIndexMin                           cstackBANK0  00006B
EnableChannels1@channelMask                               cstackBANK0  000068
EnableChannels1@channelMaskCntl                           cstackBANK0  00006A
EnableChannels1@i                                         cstackBANK0  00006D
EnableChannels@channelMask                                cstackBANK0  00006E
EnableChannels@channelMaskCntl                            cstackBANK0  000070
EncKeySchedule@key                                        cstackBANK0  000064
EncodeShiftRow@stateTable                                 cstackBANK0  000064
EncodeShiftRow@temp                                       cstackBANK0  000066
EncryptFRMPayload@buffer                                  cstackBANK0  0000A4
EncryptFRMPayload@bufferLength                            cstackBANK0  0000A6
EncryptFRMPayload@bufferToBeEncrypted                     cstackBANK0  0000AF
EncryptFRMPayload@dir                                     cstackBANK0  0000A7
EncryptFRMPayload@frameCounter                            cstackBANK0  0000A8
EncryptFRMPayload@i                                       cstackBANK0  0000B8
EncryptFRMPayload@j                                       cstackBANK0  0000B9
EncryptFRMPayload@k                                       cstackBANK0  0000B7
EncryptFRMPayload@key                                     cstackBANK0  0000AC
EncryptFRMPayload@macBufferIndex                          cstackBANK0  0000AE
EncryptFRMPayload@multicastStatus                         cstackBANK0  0000B1
ExecuteDevStatus@ptr                                      cstackBANK0  000064
ExecuteDutyCycle@maxDCycle                                cstackBANK0  000069
ExecuteDutyCycle@ptr                                      cstackBANK0  000064
ExecuteLinkAdr@channelMask                                cstackBANK0  000074
ExecuteLinkAdr@dataRate                                   cstackBANK0  000079
ExecuteLinkAdr@ptr                                        cstackBANK0  000071
ExecuteLinkAdr@redundancy                                 cstackBANK0  000077
ExecuteLinkAdr@txPower                                    cstackBANK0  000076
ExecuteLinkCheck@ptr                                      cstackBANK0  000064
ExecuteNewChannel@channelIndex                            cstackBANK0  000077
ExecuteNewChannel@drRange                                 cstackBANK0  000072
ExecuteNewChannel@frequency                               cstackBANK0  000073
ExecuteNewChannel@ptr                                     cstackBANK0  000070
ExecuteRxParamSetupReq@dlSettings                         cstackBANK0  000076
ExecuteRxParamSetupReq@frequency                          cstackBANK0  000072
ExecuteRxParamSetupReq@ptr                                cstackBANK0  000070
ExecuteRxTimingSetup@delay                                cstackBANK0  00006B
ExecuteRxTimingSetup@ptr                                  cstackBANK0  000069
ExtractMic@buffer                                         cstackBANK0  00006E
ExtractMic@bufferLength                                   cstackBANK0  000070
ExtractMic@mic                                            cstackBANK0  000074
FillSubKey@carry                                          cstackBANK0  00006A
FillSubKey@i                                              cstackBANK0  00006B
FillSubKey@key                                            cstackBANK0  000066
FillSubKey@size                                           cstackBANK0  000068
FillSubKey@source                                         cstackBANK0  000064
FindSmallestDataRate@dataRate                             cstackBANK0  000067
FindSmallestDataRate@found                                cstackBANK0  000065
FindSmallestDataRate@i                                    cstackBANK0  000066
GenerateSubkey@F17044                                     dataBANK1    0001BD
GenerateSubkey@const_Rb                                   cstackBANK0  0000AB
GenerateSubkey@i                                          cstackBANK0  0000CB
GenerateSubkey@k1                                         cstackBANK0  0000A6
GenerateSubkey@k2                                         cstackBANK0  0000A8
GenerateSubkey@key                                        cstackBANK0  0000A4
GenerateSubkey@l                                          cstackBANK0  0000BB
HALResetPinOutputValue@value                              cstackBANK0  000064
HALSPISend@data                                           cstackBANK0  000065
INT0_SetInterruptHandler@InterruptHandler                 cstackBANK0  000064
INT1_SetInterruptHandler@InterruptHandler                 cstackBANK0  000064
INT2_SetInterruptHandler@InterruptHandler                 cstackBANK0  000064
INT3_SetInterruptHandler@InterruptHandler                 cstackBANK0  000064
INTERRUPT_GetDioStatus@a                                  cstackBANK0  000064
IOCBF4_SetInterruptHandler@InterruptHandler               cstackBANK0  000064
IncludeMacCommandsResponse@bIncludeInFopts                cstackBANK0  000067
IncludeMacCommandsResponse@bufferIndex                    cstackBANK0  00006F
IncludeMacCommandsResponse@i                              cstackBANK0  00006E
IncludeMacCommandsResponse@macBuffer                      cstackBANK0  000064
IncludeMacCommandsResponse@pBufferIndex                   cstackBANK0  000066
InitDefault433Channels@i                                  cstackBANK0  00006E
InitDefault868Channels@i                                  cstackBANK0  00006E
LORAWAN_GetMaxPayloadSize@macCommandsLength               cstackBANK0  00006D
LORAWAN_GetMaxPayloadSize@result                          cstackBANK0  00006E
LORAWAN_Init@RxJoinResponse                               cstackBANK0  0000A6
LORAWAN_Init@RxPayload                                    cstackBANK0  0000A4
LORAWAN_Join@activationTypeNew                            cstackBANK0  0000EE
LORAWAN_Join@bufferIndex                                  cstackBANK0  0000EC
LORAWAN_Join@result                                       cstackBANK0  0000ED
LORAWAN_LinkCheckConfigure@iCtr                           cstackBANK0  0000A2
LORAWAN_LinkCheckConfigure@period                         cstackBANK0  000094
LORAWAN_Reset@ismBandNew                                  cstackBANK0  0000A3
LORAWAN_RxDone@buffer                                     cstackBANK1  00016B
LORAWAN_RxDone@bufferIndex                                cstackBANK3  0003A7
LORAWAN_RxDone@bufferLength                               cstackBANK1  00016D
LORAWAN_RxDone@channelIndex                               cstackBANK3  0003A1
LORAWAN_RxDone@computedMic                                cstackBANK3  0003AB
LORAWAN_RxDone@extractedMic                               cstackBANK3  0003A3
LORAWAN_RxDone@fPort                                      cstackBANK3  0003A0
LORAWAN_RxDone@frmPayloadLength                           cstackBANK3  0003B1
LORAWAN_RxDone@hdr                                        cstackBANK3  0003B2
LORAWAN_RxDone@joinAccept                                 cstackBANK3  0003AF
LORAWAN_RxDone@mhdr                                       cstackBANK3  0003A2
LORAWAN_RxDone@packet                                     cstackBANK3  0003A9
LORAWAN_RxDone@temp                                       cstackBANK3  0003A8
LORAWAN_RxTimeout@i                                       cstackBANK0  0000AD
LORAWAN_RxTimeout@minim                                   cstackBANK0  0000A9
LORAWAN_Send@buffer                                       cstackBANK0  0000E2
LORAWAN_Send@bufferLength                                 cstackBANK0  0000E4
LORAWAN_Send@confirmed                                    cstackBANK0  0000E7
LORAWAN_Send@port                                         cstackBANK0  0000E1
LORAWAN_Send@result                                       cstackBANK0  0000E6
LORAWAN_SetApplicationSessionKey@applicationSessionKeyNew cstackBANK0  00006E
LORAWAN_SetChannelIdStatus@channelId                      cstackBANK0  00006A
LORAWAN_SetChannelIdStatus@statusNew                      cstackBANK0  000068
LORAWAN_SetDeviceAddress@deviceAddressNew                 cstackBANK0  000064
LORAWAN_SetNetworkSessionKey@networkSessionKeyNew         cstackBANK0  00006E
LORAWAN_TxDone@delta                                      cstackBANK0  0000C3
LORAWAN_TxDone@found                                      cstackBANK0  0000C2
LORAWAN_TxDone@i                                          cstackBANK0  0000CF
LORAWAN_TxDone@minim                                      cstackBANK0  0000CB
LORAWAN_TxDone@ticks                                      cstackBANK0  0000C7
LORAWAN_TxDone@timeOnAir                                  cstackBANK0  00009E
MacExecuteCommands@buffer                                 cstackBANK0  00007A
MacExecuteCommands@done                                   cstackBANK0  00007F
MacExecuteCommands@fOptsLen                               cstackBANK0  00007C
MacExecuteCommands@ptr                                    cstackBANK0  000080
PIN_MANAGER_Initialize@state                              cstackBANK0  000066
PrepareJoinRequestFrame@bufferIndex                       cstackBANK0  0000EA
PrepareJoinRequestFrame@iCtr                              cstackBANK0  0000EB
PrepareJoinRequestFrame@mhdr                              cstackBANK0  0000E9
PrepareJoinRequestFrame@mic                               cstackBANK0  0000E5
PrepareSessionKeys@appNonce                               cstackBANK0  000070
PrepareSessionKeys@index                                  cstackBANK0  000074
PrepareSessionKeys@networkId                              cstackBANK0  000072
PrepareSessionKeys@sessionKey                             cstackBANK0  00006E
RADIO_DIO0@dioMapping                                     cstackBANK0  0000F1
RADIO_DIO0@opMode                                         cstackBANK0  0000F2
RADIO_DIO1@dioMapping                                     cstackBANK0  0000AF
RADIO_DIO2@dioMapping                                     cstackBANK0  00007E
RADIO_FSKPacketSent@irqFlags                              cstackBANK0  0000DC
RADIO_FSKPacketSent@timeOnAir                             cstackBANK0  0000D4
RADIO_FSKPayloadReady@i                                   cstackBANK0  0000EE
RADIO_FSKPayloadReady@irqFlags                            cstackBANK0  0000ED
RADIO_Init@frequency                                      cstackBANK0  00007F
RADIO_Init@radioBuffer                                    cstackBANK0  00007D
RADIO_ReadRandom@i                                        cstackBANK0  000074
RADIO_ReadRandom@retVal                                   cstackBANK0  000072
RADIO_ReceiveStart@rxWindowSize                           cstackBANK0  000094
RADIO_RegisterRead@readValue                              cstackBANK0  000067
RADIO_RegisterRead@reg                                    cstackBANK0  000066
RADIO_RegisterWrite@reg                                   cstackBANK0  000067
RADIO_RegisterWrite@value                                 cstackBANK0  000066
RADIO_RxDone@i                                            cstackBANK0  0000EE
RADIO_RxDone@irqFlags                                     cstackBANK0  0000ED
RADIO_SetBandwidth@bandwidth                              cstackBANK0  000064
RADIO_SetCRC@crc                                          cstackBANK0  000064
RADIO_SetChannelFrequency@frequency                       cstackBANK0  000064
RADIO_SetFSKSyncWord@syncWord                             cstackBANK0  00006E
RADIO_SetFSKSyncWord@syncWordLen                          cstackBANK0  000070
RADIO_SetFrequencyHopPeriod@frequencyHopPeriod            cstackBANK0  000064
RADIO_SetIQInverted@iqInverted                            cstackBANK0  000064
RADIO_SetLoRaSyncWord@syncWord                            cstackBANK0  000064
RADIO_SetModulation@modulation                            cstackBANK0  000064
RADIO_SetOutputPower@power                                cstackBANK0  000064
RADIO_SetSpreadingFactor@spreadingFactor                  cstackBANK0  000064
RADIO_Transmit@buffer                                     cstackBANK0  000094
RADIO_Transmit@bufferLen                                  cstackBANK0  000096
RADIO_Transmit@i                                          cstackBANK0  0000A4
RADIO_Transmit@regValue                                   cstackBANK0  0000A3
RADIO_TxDone@timeOnAir                                    cstackBANK0  0000D4
RADIO_UnhandledInterrupt@modulation                       cstackBANK0  000068
RADIO_WriteConfiguration@i                                cstackBANK0  000081
RADIO_WriteConfiguration@regValue                         cstackBANK0  000086
RADIO_WriteConfiguration@symbolTimeout                    cstackBANK0  00007D
RADIO_WriteConfiguration@tempValue                        cstackBANK0  000082
RADIO_WriteFSKBitRate@bitRate                             cstackBANK0  000071
RADIO_WriteFSKBitRate@num                                 cstackBANK0  000075
RADIO_WriteFSKFrequencyDeviation@frequencyDeviation       cstackBANK0  000071
RADIO_WriteFSKFrequencyDeviation@num                      cstackBANK0  000075
RADIO_WriteFrequency@frequency                            cstackBANK0  000071
RADIO_WriteFrequency@num                                  cstackBANK0  000079
RADIO_WriteFrequency@num_mod                              cstackBANK0  000075
RADIO_WriteMode@blocking                                  cstackBANK0  00006A
RADIO_WriteMode@currentMode                               cstackBANK0  00006D
RADIO_WriteMode@currentModulation                         cstackBANK0  00006B
RADIO_WriteMode@dioMapping                                cstackBANK0  00006C
RADIO_WriteMode@newMode                                   cstackBANK0  00006E
RADIO_WriteMode@newModulation                             cstackBANK0  000069
RADIO_WriteMode@opMode                                    cstackBANK0  00006F
RADIO_WritePower@ocp                                      cstackBANK0  000068
RADIO_WritePower@paDac                                    cstackBANK0  000069
RADIO_WritePower@power                                    cstackBANK0  00006A
Random@max                                                cstackBANK0  000077
RxDataDone@dataLength                                     cstackBANK0  000066
RxDataDone@pData                                          cstackBANK0  000064
RxDataDone@status                                         cstackBANK0  000067
SPI2_Exchange8bit@data                                    cstackBANK0  000064
SearchAvailableChannel@channelIndex                       cstackBANK0  00007A
SearchAvailableChannel@i                                  cstackBANK0  000084
SearchAvailableChannel@maxChannels                        cstackBANK0  000082
SearchAvailableChannel@randomNumber                       cstackBANK0  000083
SearchAvailableChannel@randomNumberCopy                   cstackBANK0  000080
SearchAvailableChannel@result                             cstackBANK0  000081
SearchAvailableChannel@transmissionType                   cstackBANK0  000079
SelectChannelForTransmission@channelIndex                 cstackBANK0  000087
SelectChannelForTransmission@result                       cstackBANK0  000086
SelectChannelForTransmission@transmissionType             cstackBANK0  000085
StartReTxTimer@i                                          cstackBANK0  00009C
StartReTxTimer@minim                                      cstackBANK0  000098
SwTimerCreate@retVal                                      cstackBANK0  000064
SwTimerIsRunning@isRunning                                cstackBANK0  000065
SwTimerIsRunning@timerId                                  cstackBANK0  000064
SwTimerReadValue@ticksCount                               cstackBANK0  00008F
SwTimerReadValue@timerId                                  cstackBANK0  000093
SwTimerSetCallback@callback                               cstackBANK0  000064
SwTimerSetCallback@callbackParameter                      cstackBANK0  000066
SwTimerSetCallback@timerId                                cstackBANK0  000067
SwTimerSetTimeout@timeout                                 cstackBANK0  000071
SwTimerSetTimeout@timerId                                 cstackBANK0  000079
SwTimerStart@ticksRemaining                               cstackBANK0  00008F
SwTimerStart@timerId                                      cstackBANK0  000093
SwTimerStop@timerId                                       cstackBANK0  000064
SwTimersExecute@i                                         cstackBANK0  0000EC
SwTimersInterrupt@i                                       cstackBANK0  00008A
SwTimersInterrupt@ticksToNextTimerEvent                   cstackBANK0  000086
SwTimersInterrupt@timeElapsed                             cstackBANK0  000082
SystemBlockingWaitMs@ms                                   cstackBANK0  000064
TMR1_ISR@CountCallBack                                    bssCOMRAM    00003C
TMR1_ReadTimer@readVal                                    cstackBANK0  000068
TMR1_SetInterruptHandler@InterruptHandler                 cstackBANK0  000064
TMR1_WriteTimer@timerVal                                  cstackBANK0  000064
TMR_GetDeltaTime@retVal                                   bssCOMRAM    000030
TMR_GetDeltaTime@tmrVal                                   bssCOMRAM    00003E
TMR_OverrideRemaining@oldReloadVal                        cstackBANK0  000074
TMR_OverrideRemaining@ticksRemaining                      cstackBANK0  00006C
TMR_OverrideRemaining@tmrVal                              cstackBANK0  000072
TMR_SwapTimer@oldVal                                      bssCOMRAM    000040
TMR_SwapTimer@retVal                                      bssCOMRAM    000042
TMR_SwapTimer@timerVal                                    cstackBANK0  00006A
UpdateCfList@bufferLength                                 cstackBANK0  000074
UpdateCfList@channelIndex                                 cstackBANK0  000079
UpdateCfList@frequency                                    cstackBANK0  000075
UpdateCfList@i                                            cstackBANK0  00007A
UpdateCfList@joinAccept                                   cstackBANK0  000070
UpdateChannelIdStatus@channelId                           cstackBANK0  000066
UpdateChannelIdStatus@i                                   cstackBANK0  000067
UpdateChannelIdStatus@statusNew                           cstackBANK0  000064
UpdateCurrentDataRate@valueNew                            cstackBANK0  000064
UpdateDLSettings@dlRx1DrOffset                            cstackBANK0  000064
UpdateDLSettings@dlRx2Dr                                  cstackBANK0  000065
UpdateDataRange@channelId                                 cstackBANK0  000066
UpdateDataRange@dataRangeNew                              cstackBANK0  000064
UpdateDataRange@i                                         cstackBANK0  000067
UpdateDutyCycle@channelId                                 cstackBANK0  000066
UpdateDutyCycle@dutyCycleNew                              cstackBANK0  000064
UpdateFrequency@channelId                                 cstackBANK0  000068
UpdateFrequency@frequencyNew                              cstackBANK0  000064
UpdateJoinInProgress@state                                cstackBANK0  000064
UpdateMinMaxChDataRate@i                                  cstackBANK0  000065
UpdateReceiveDelays@delay                                 cstackBANK0  000068
UpdateReceiveWindow2Parameters@dataRate                   cstackBANK0  000068
UpdateReceiveWindow2Parameters@frequency                  cstackBANK0  000064
UpdateTxPower@txPowerNew                                  cstackBANK0  000064
ValidateChannelId@allowedForDefaultChannels               cstackBANK0  000064
ValidateChannelId@channelId                               cstackBANK0  000066
ValidateChannelId@result                                  cstackBANK0  000065
ValidateChannelMask@channelMask                           cstackBANK0  000064
ValidateChannelMask@i                                     cstackBANK0  000066
ValidateChannelMaskCntl@channelMaskCntl                   cstackBANK0  000065
ValidateChannelMaskCntl@result                            cstackBANK0  000064
ValidateDataRange@dataRangeNew                            cstackBANK0  000067
ValidateDataRange@dataRateMax                             cstackBANK0  000068
ValidateDataRange@dataRateMin                             cstackBANK0  000069
ValidateDataRange@result                                  cstackBANK0  000066
ValidateDataRate@dataRate                                 cstackBANK0  000064
ValidateDataRate@result                                   cstackBANK0  000065
ValidateFrequency@frequencyNew                            cstackBANK0  000064
ValidateFrequency@result                                  cstackBANK0  000068
ValidateRxOffset@result                                   cstackBANK0  000065
ValidateRxOffset@rxOffset                                 cstackBANK0  000064
ValidateTxPower@result                                    cstackBANK0  000064
ValidateTxPower@txPowerNew                                cstackBANK0  000065
_AESCmac                                                  text145      00182C
_AESEncode                                                text149      002138
_AESEncode$3781                                           cstackBANK0  000085
_AESEncode$3782                                           cstackBANK0  000087
_AESEncode$3783                                           cstackBANK0  000089
_AESEncodeLoRa                                            text148      007312
_ANSELA                                                   (abs)        000E92
_ANSELB                                                   (abs)        000E9A
_ANSELD                                                   (abs)        000EA7
_ANSELE                                                   (abs)        000EAF
_ANSELF                                                   (abs)        000EB4
_ANSELG                                                   (abs)        000EBC
_AckRetransmissionCallback                                text34       0049BA
_AssembleEncryptionBlock                                  text98       00583C
_AssemblePacket                                           text93       001B48
_AutomaticReplyCallback                                   text33       0074DA
_Channels                                                 bssBANK4     000400
_CheckFlags                                               text104      006720
_CheckMcastFlags                                          text103      0061DC
_ComputeMic                                               text144      00698E
_ComputeSessionKeys                                       text101      005EF6
_ConfigureRadio                                           text127      00606E
_ConfigureRadioRx                                         text117      00733A
_ConfigureRadioTx                                         text123      006D52
_CountfOptsLength                                         text99       00599E
_CreateAllSoftwareTimers                                  text192      0069E0
_DIO0_ISR_Lora                                            (abs)        000000
_DIO0_ISR_Lora_Init                                       text19       0078A2
_DIO1_ISR_Lora                                            (abs)        000000
_DIO1_ISR_Lora_Init                                       text18       00789C
_DIO2_ISR_Lora                                            (abs)        000000
_DIO2_ISR_Lora_Init                                       text17       007896
_DIO3_ISR_Lora_Init                                       text16       0078F2
_DIO4_ISR_Lora_Init                                       text15       0078F0
_DIO5_ISR_Lora                                            (abs)        000000
_DIO5_ISR_Lora_Init                                       text14       007890
_DefaultChannels433                                       mediumconst  007FA8
_DefaultChannels868                                       mediumconst  007FD2
_DutyCycleCallback                                        text31       00242A
_EXT_INT_Initialize                                       text21       006890
_EnableChannels                                           text86       0076FC
_EnableChannels1                                          text87       006838
_EncKeySchedule                                           text151      0029C8
_EncKeySchedule$3767                                      cstackBANK0  000068
_EncodeShiftRow                                           text150      003D6C
_EncryptFRMPayload                                        text97       004184
_ExecuteDevStatus                                         text90       007806
_ExecuteDutyCycle                                         text89       006A32
_ExecuteLinkAdr                                           text79       00356C
_ExecuteLinkCheck                                         text78       007130
_ExecuteNewChannel                                        text70       0033AA
_ExecuteRxParamSetupReq                                   text67       0042D8
_ExecuteRxTimingSetup                                     text65       0073AC
_ExtractMic                                               text100      006D10
_FillSubKey                                               text147      006BB2
[...]
      Temps:          0       0       0       0       0       0       0       0       0
      Totals:         0       0       0       0       0       0       0       0       0
Total ram usage:        0 bytes
 Hardware stack levels used:    1
 Hardware stack levels required when called:    1
 This function calls:
		Absolute function
		_INT2_DefaultInterruptHandler
 This function is called by:
		_INT2_ISR
 This function uses a non-reentrant model


 *************** function _INT2_DefaultInterruptHandler *****************
 Defined at:
		line 121 in file "mcc_generated_files/ext_int.c"
 Parameters:    Size  Location     Type
		None
 Auto vars:     Size  Location     Type
		None
 Return value:  Size  Location     Type
                  1    wreg      void 
 Registers used:
		None
 Tracked objects:
		On entry : 
		On exit  : 
		Unchanged: 
 Data sizes:     COMRAM   BANK0   BANK1   BANK2   BANK3   BANK4   BANK5   BANK6   BANK7
      Params:         0       0       0       0       0       0       0       0       0
      Locals:         0       0       0       0       0       0       0       0       0
      Temps:          0       0       0       0       0       0       0       0       0
      Totals:         0       0       0       0       0       0       0       0       0
Total ram usage:        0 bytes
 Hardware stack levels used:    1
 This function calls:
		Nothing
 This function is called by:
		_EXT_INT_Initialize
		_INT2_CallBack
 This function uses a non-reentrant model


 *************** function _INT1_ISR *****************
 Defined at:
		line 46 in file "mcc_generated_files/ext_int.c"
 Parameters:    Size  Location     Type
		None
 Auto vars:     Size  Location     Type
		None
 Return value:  Size  Location     Type
                  1    wreg      void 
 Registers used:
		wreg, status,2, status,0, pclat, tosl, cstack
 Tracked objects:
		On entry : 
		On exit  : 
		Unchanged: 
 Data sizes:     COMRAM   BANK0   BANK1   BANK2   BANK3   BANK4   BANK5   BANK6   BANK7
      Params:         0       0       0       0       0       0       0       0       0
      Locals:         0       0       0       0       0       0       0       0       0
      Temps:          0       0       0       0       0       0       0       0       0
      Totals:         0       0       0       0       0       0       0       0       0
Total ram usage:        0 bytes
 Hardware stack levels used:    1
 Hardware stack levels required when called:    2
 This function calls:
		_INT1_CallBack
 This function is called by:
		_INTERRUPT_InterruptManager
 This function uses a non-reentrant model


 *************** function _INT1_CallBack *****************
 Defined at:
		line 61 in file "mcc_generated_files/ext_int.c"
 Parameters:    Size  Location     Type
		None
 Auto vars:     Size  Location     Type
		None
 Return value:  Size  Location     Type
                  1    wreg      void 
 Registers used:
		wreg, status,2, status,0, pclat, tosl, cstack
 Tracked objects:
		On entry : 
		On exit  : 
		Unchanged: 
 Data sizes:     COMRAM   BANK0   BANK1   BANK2   BANK3   BANK4   BANK5   BANK6   BANK7
      Params:         0       0       0       0       0       0       0       0       0
      Locals:         0       0       0       0       0       0       0       0       0
      Temps:          0       0       0       0       0       0       0       0       0
      Totals:         0       0       0       0       0       0       0       0       0
Total ram usage:        0 bytes
 Hardware stack levels used:    1
 Hardware stack levels required when called:    1
 This function calls:
		Absolute function
		_INT1_DefaultInterruptHandler
 This function is called by:
		_INT1_ISR
 This function uses a non-reentrant model


 *************** function _INT1_DefaultInterruptHandler *****************
 Defined at:
		line 80 in file "mcc_generated_files/ext_int.c"
 Parameters:    Size  Location     Type
		None
 Auto vars:     Size  Location     Type
		None
 Return value:  Size  Location     Type
                  1    wreg      void 
 Registers used:
		None
 Tracked objects:
		On entry : 
		On exit  : 
		Unchanged: 
 Data sizes:     COMRAM   BANK0   BANK1   BANK2   BANK3   BANK4   BANK5   BANK6   BANK7
      Params:         0       0       0       0       0       0       0       0       0
      Locals:         0       0       0       0       0       0       0       0       0
      Temps:          0       0       0       0       0       0       0       0       0
      Totals:         0       0       0       0       0       0       0       0       0
Total ram usage:        0 bytes
 Hardware stack levels used:    1
 This function calls:
		Nothing
 This function is called by:
		_EXT_INT_Initialize
		_INT1_CallBack
 This function uses a non-reentrant model



MODULE INFORMATION

Module		Function		Class		Link	Load	Size
mcc_generated_files/LoRaWAN/lorawan.c
		_UpdateReceiveWindow2Parameters		CODE           	76E6	0000	23
		_ExecuteRxTimingSetup		CODE           	73AC	0000	37
		_ComputeMic    		CODE           	698E	0000	83
		_SetReceptionNotOkState		CODE           	6394	0000	107
		_PrepareJoinRequestFrame		CODE           	4686	0000	301
		_LORAWAN_ReceiveWindow2Callback		CODE           	554C	0000	201
		_LORAWAN_LinkCheckConfigure		CODE           	371E	0000	413
		_LORAWAN_SetApplicationSessionKey		CODE           	7242	0000	43
		_CountfOptsLength		CODE           	599E	0000	177
		_AssembleEncryptionBlock		CODE           	583C	0000	179
		_UpdateCurrentDataRate		CODE           	7852	0000	9
		_UnconfirmedTransmissionCallback		CODE           	62BE	0000	109
		_LORAWAN_SetNetworkSessionKey		CODE           	7218	0000	43
		_MacExecuteCommands		CODE           	2E04	0000	497
		_IncludeMacCommandsResponse		CODE           	1E46	0000	755
		_LORAWAN_GetMaxPayloadSize		CODE           	6DD6	0000	65
		_CheckMcastFlags		CODE           	61DC	0000	115
		_SetJoinFailState		CODE           	726C	0000	43
		_AckRetransmissionCallback		CODE           	49BA	0000	253
		_PrepareSessionKeys		CODE           	5FF2	0000	125
		_UpdateMinMaxChDataRate		CODE           	5788	0000	181
		_EncryptFRMPayload		CODE           	4184	0000	341
		_ResetParametersForUnconfirmedTransmission		CODE           	7784	0000	15
		_AutomaticReplyCallback		CODE           	74DA	0000	31
		_ResetParametersForConfirmedTransmission		CODE           	7792	0000	15
		_FindSmallestDataRate		CODE           	5AFC	0000	167
		_LORAWAN_SetDeviceAddress		CODE           	766E	0000	25
		_UpdateTxPower 		CODE           	784A	0000	9
		_CheckFlags    		CODE           	6720	0000	95
		_ExtractMic    		CODE           	6D10	0000	67
		_LORAWAN_ReceiveWindow1Callback		CODE           	5A4E	0000	175
		_LORAWAN_Send  		CODE           	5614	0000	191
		_LORAWAN_Join  		CODE           	5CDA	0000	141
		_LORAWAN_GetState		CODE           	787A	0000	9
		_ConfigureRadioRx		CODE           	733A	0000	39
		_UpdateReceiveDelays		CODE           	6B68	0000	75
		_ComputeSessionKeys		CODE           	5EF6	0000	127
		_LORAWAN_LinkCheckCallback		CODE           	402C	0000	345
		_UpdateJoinSuccessState		CODE           	4554	0000	307
		_LORAWAN_EnterContinuousReceive		CODE           	63FE	0000	107
		_ExecuteLinkCheck		CODE           	7130	0000	51
		_LORAWAN_Mainloop		CODE           	6F0E	0000	61
		_AssemblePacket		CODE           	1B48	0000	767
		_UpdateRetransmissionAckTimeoutState		CODE           	632A	0000	107
		_Random        		CODE           	7438	0000	35
		_LORAWAN_RxDone		CODE           	0096	0000	2719
		_UpdateJoinInProgress		CODE           	7654	0000	27

mcc_generated_files/LoRaWAN/lorawan.c estimated size: 9807

mcc_generated_files/LoRaWAN/interrupt_manager_lora_addons.c
		_INTERRUPT_GetDioStatus		CODE           	77A0	0000	15

mcc_generated_files/LoRaWAN/interrupt_manager_lora_addons.c estimated size: 15

mcc_generated_files/LoRaWAN/lorawan_aes.c
		_AESEncodeLoRa 		CODE           	7312	0000	41

mcc_generated_files/LoRaWAN/lorawan_aes.c estimated size: 41

C:\Program Files (x86)\Microchip\xc8\v1.38\sources\common\lwmod.c
		___lwmod       		CODE           	6E54	0000	63

C:\Program Files (x86)\Microchip\xc8\v1.38\sources\common\lwmod.c estimated size: 63

C:\Program Files (x86)\Microchip\xc8\v1.38\sources\common\memcpy.c
		_memcpy        		CODE           	68E6	0000	87

C:\Program Files (x86)\Microchip\xc8\v1.38\sources\common\memcpy.c estimated size: 87

C:\Program Files (x86)\Microchip\xc8\v1.38\sources\common\rand.c
		_srand         		CODE           	77AE	0000	15
		_rand          		CODE           	6A80	0000	79

C:\Program Files (x86)\Microchip\xc8\v1.38\sources\common\rand.c estimated size: 94

C:\Program Files (x86)\Microchip\xc8\v1.38\sources\common\llmod.c
		___llmod       		CODE           	665E	0000	99

C:\Program Files (x86)\Microchip\xc8\v1.38\sources\common\llmod.c estimated size: 99

mcc_generated_files/LoRaWAN/sw_timer.c
		_SwTimerStop   		CODE           	75E6	0000	29
		_SwTimerStart  		CODE           	5D66	0000	137
		_TMR_GetDeltaTime		CODE           	4D8C	0000	237
		_SwTimerReadValue		CODE           	6E16	0000	63
		_SwTimerIsRunning		CODE           	747A	0000	33
		_SwTimerCreate 		CODE           	624E	0000	113
		_TMR_OverrideRemaining		CODE           	60EA	0000	125
		_TMR_SwapTimer 		CODE           	6E92	0000	63
		_SwTimerSetCallback		CODE           	7162	0000	51
		_SwTimerSetTimeout		CODE           	6D94	0000	67
		_SwTimersInterrupt		CODE           	4BAC	0000	243
		_SystemBlockingWaitMs		CODE           	7296	0000	43
		_SwTimersExecute		CODE           	58EE	0000	177
		_SystemTimerInit		CODE           	788A	0000	7

mcc_generated_files/LoRaWAN/sw_timer.c estimated size: 1388

mcc_generated_files/interrupt_manager.c
		_INTERRUPT_Initialize		CODE           	78DC	0000	5
		_INTERRUPT_InterruptManager		CODE           	0008	0000	135

mcc_generated_files/interrupt_manager.c estimated size: 140

mcc_generated_files/pin_manager.c
		_PIN_MANAGER_Initialize		CODE           	5044	0000	221
		_IOCBF4_DefaultInterruptHandler		CODE           	78FA	0000	3
		_IOCBF4_ISR    		CODE           	7386	0000	39
		_PIN_MANAGER_IOC		CODE           	7882	0000	9
		_IOCBF4_SetInterruptHandler		CODE           	77D4	0000	11

mcc_generated_files/pin_manager.c estimated size: 283

mcc_generated_files/LoRaWAN/lorawan_init.c
		_DIO0_ISR_Lora_Init		CODE           	78A2	0000	7
		_DIO1_ISR_Lora_Init		CODE           	789C	0000	7
		_DIO2_ISR_Lora_Init		CODE           	7896	0000	7
		_DIO3_ISR_Lora_Init		CODE           	78F2	0000	3
		_DIO4_ISR_Lora_Init		CODE           	78F0	0000	3
		_LORAWAN_PlatformInit		CODE           	745A	0000	33
		_DIO5_ISR_Lora_Init		CODE           	7890	0000	7

mcc_generated_files/LoRaWAN/lorawan_init.c estimated size: 67

mcc_generated_files/LoRaWAN/radio_driver_hal.c
		_HALDIO5PinValue		CODE           	78C0	0000	7
		_HALResetPinMakeInput		CODE           	78EC	0000	5
		_HALResetPinMakeOutput		CODE           	78E8	0000	5
		_HALResetPinOutputValue		CODE           	773A	0000	21
		_HALSPISend    		CODE           	7838	0000	11
		_HALSPICSDeassert		CODE           	78E0	0000	5
		_HALSPICSAssert		CODE           	78E4	0000	5

mcc_generated_files/LoRaWAN/radio_driver_hal.c estimated size: 59

C:\Program Files (x86)\Microchip\xc8\v1.38\sources\common\Umul32.c
		___lmul        		CODE           	5DEE	0000	135

C:\Program Files (x86)\Microchip\xc8\v1.38\sources\common\Umul32.c estimated size: 135

mcc_generated_files/LoRaWAN/lorawan_aes_cmac.c
		_GenerateSubkey		CODE           	48B8	0000	259
		_AESCmac       		CODE           	182C	0000	797
		_FillSubKey    		CODE           	6BB2	0000	75

mcc_generated_files/LoRaWAN/lorawan_aes_cmac.c estimated size: 1131

C:\Program Files (x86)\Microchip\xc8\v1.38\sources\common\lldiv.c
		___lldiv       		CODE           	6166	0000	119

C:\Program Files (x86)\Microchip\xc8\v1.38\sources\common\lldiv.c estimated size: 119

mcc_generated_files/LoRaWAN/radio_driver_SX1276.c
		_RADIO_ReceiveStart		CODE           	2C04	0000	513
		_RADIO_Init    		CODE           	38BA	0000	407
		_RADIO_SetSpreadingFactor		CODE           	7862	0000	9
		_RADIO_WriteConfiguration		CODE           	13B4	0000	1145
		_RADIO_RxFSKTimeout		CODE           	702E	0000	55
		_RADIO_WriteFSKBitRate		CODE           	65FC	0000	99
		_RADIO_WriteMode		CODE           	52D6	0000	217
		_RADIO_Reset   		CODE           	7098	0000	53
		_RADIO_GetStatus		CODE           	78B4	0000	7
		_RADIO_RxDone  		CODE           	53AE	0000	209
		_RADIO_WriteFSKFrequencyDeviation		CODE           	6598	0000	101
		_RADIO_GetPacketSnr		CODE           	78AE	0000	7
		_RADIO_SetModulation		CODE           	786A	0000	9
		_RADIO_RegisterWrite		CODE           	7534	0000	31
		_RADIO_ReadRandom		CODE           	5F74	0000	127
		_RADIO_ReleaseData		CODE           	78BA	0000	7
		_RADIO_FSKPacketSent		CODE           	3A50	0000	403
		_RADIO_RegisterRead		CODE           	7360	0000	39
		_RADIO_SetBandwidth		CODE           	7872	0000	9
		_RADIO_ReceiveStop		CODE           	7516	0000	31
		_RADIO_DIO0    		CODE           	6534	0000	101
		_RADIO_DIO1    		CODE           	6F4A	0000	59
		_RADIO_DIO2    		CODE           	6BFC	0000	73
		_RADIO_DIO3    		CODE           	76B6	0000	25
		_RADIO_DIO4    		CODE           	769E	0000	25
		_RADIO_DIO5    		CODE           	7686	0000	25
		_RADIO_FHSSChangeChannel		CODE           	7194	0000	47
		_RADIO_TxDone  		CODE           	3BE2	0000	395
		_RADIO_SetFrequencyHopPeriod		CODE           	7824	0000	11
		_RADIO_FSKPayloadReady		CODE           	5BA2	0000	159
		_RADIO_SetLoRaSyncWord		CODE           	782E	0000	11
		_RADIO_SetIQInverted		CODE           	7810	0000	11
		_RADIO_SetFSKSyncWord		CODE           	71C2	0000	45
		_RADIO_RxTimeout		CODE           	72EA	0000	41
		_RADIO_WritePower		CODE           	547E	0000	207
		_RADIO_SetOutputPower		CODE           	785A	0000	9
		_RADIO_WatchdogTimeout		CODE           	6CCE	0000	67
		_RADIO_SetChannelFrequency		CODE           	5E74	0000	131
		_RADIO_Transmit		CODE           	2FF4	0000	495
		_RADIO_UnhandledInterrupt		CODE           	73F4	0000	35
		_RADIO_SetCRC  		CODE           	781A	0000	11
		_RADIO_WriteFrequency		CODE           	5120	0000	221

mcc_generated_files/LoRaWAN/radio_driver_SX1276.c estimated size: 5682

mcc_generated_files/ext_int.c
		_INT3_ISR      		CODE           	78C6	0000	7
		_INT0_SetInterruptHandler		CODE           	78F4	0000	3
		_INT1_SetInterruptHandler		CODE           	77FC	0000	11
		_EXT_INT_Initialize		CODE           	6890	0000	87
		_INT2_SetInterruptHandler		CODE           	77F2	0000	11
		_INT3_SetInterruptHandler		CODE           	77E8	0000	11
		_INT1_DefaultInterruptHandler		CODE           	7900	0000	3
		_INT1_CallBack 		CODE           	75AC	0000	31
		_INT2_DefaultInterruptHandler		CODE           	78FE	0000	3
		_INT2_CallBack 		CODE           	758E	0000	31
		_INT3_DefaultInterruptHandler		CODE           	78FC	0000	3
		_INT3_CallBack 		CODE           	7570	0000	31
		_INT1_ISR      		CODE           	78D2	0000	7
		_INT2_ISR      		CODE           	78CC	0000	7

mcc_generated_files/ext_int.c estimated size: 246

mcc_generated_files/LoRaWAN/tmr_lora_addons.c
		_TMR_ISR_Lora_Init		CODE           	77C8	0000	13
		_TMR_ISR_lora  		CODE           	6B1C	0000	77

mcc_generated_files/LoRaWAN/tmr_lora_addons.c estimated size: 90

shared
		_spreadingFactor		MEDIUMCONST    	7F9B	0000	8
		_maxPayloadSize		MEDIUMCONST    	7F6D	0000	9
		_DefaultChannels433		MEDIUMCONST    	7FA8	0000	43
		_FskSyncWordBuff		MEDIUMCONST    	7FFC	0000	4
		_rxWindowSize  		MEDIUMCONST    	7F85	0000	9
		i2_TMR_SwapTimer		CODE           	6ED0	0000	63
		i2_TMR1_ReadTimer		CODE           	74BA	0000	33
		_DefaultChannels868		MEDIUMCONST    	7FD2	0000	43
		_macEndDevCmdReplyLen		MEDIUMCONST    	7F94	0000	8
		__initialization		CODE           	5C40	0000	145
		_txPower868    		MEDIUMCONST    	7FA2	0000	7
		i2_TMR1_WriteTimer		CODE           	761E	0000	29
		_rxWindowOffset		MEDIUMCONST    	7F7D	0000	9
		_STable        		MEDIUMCONST    	7E6D	0000	257
		_modulation    		MEDIUMCONST    	7F75	0000	9
		i2_SwTimersInterrupt		CODE           	4C9E	0000	239
		_bandwidth     		MEDIUMCONST    	7F8D	0000	8
		i2_TMR_GetDeltaTime		CODE           	4E78	0000	237

shared estimated size: 1160

mcc_generated_files/LoRaWAN/lorawan_eu.c
		_ExecuteNewChannel		CODE           	33AA	0000	451
		_ExecuteLinkAdr		CODE           	356C	0000	435
		_UpdateDataRange		CODE           	4AB6	0000	247
		_UpdateDutyCycle		CODE           	70FE	0000	51
		_ValidateChannelMaskCntl		CODE           	76CE	0000	25
		_LORAWAN_RxTimeout		CODE           	2712	0000	695
		_ValidateChannelId		CODE           	74F8	0000	31
		_InitDefault433Channels		CODE           	64CE	0000	103
		_DutyCycleCallback		CODE           	242A	0000	745
		_InitDefault868Channels		CODE           	6468	0000	103
		_SelectChannelForTransmission		CODE           	66C0	0000	97
		_ValidateChannelMask		CODE           	6FF6	0000	57
		_ValidateDataRate		CODE           	7726	0000	21
		_ValidateRxOffset		CODE           	7712	0000	21
		_ValidateDataRange		CODE           	7064	0000	53
		_SetCallbackSoftwareTimers		CODE           	56D2	0000	183
		_StartReTxTimer		CODE           	4420	0000	309
		_SearchAvailableChannel		CODE           	4F64	0000	225
		_EnableChannels		CODE           	76FC	0000	23
		_UpdateFrequency		CODE           	6F84	0000	59
		_ValidateFrequency		CODE           	67DC	0000	93
		_EnableChannels1		CODE           	6838	0000	89
		_ExecuteRxParamSetupReq		CODE           	42D8	0000	329
		_UpdateDLSettings		CODE           	763A	0000	27
		_GetRx1Freq    		CODE           	7760	0000	19
		_ValidateTxPower		CODE           	7416	0000	35
		_LORAWAN_Init  		CODE           	677E	0000	95
		_ConfigureRadioTx		CODE           	6D52	0000	67
		_LORAWAN_Reset 		CODE           	3ECE	0000	351
		_ExecuteDutyCycle		CODE           	6A32	0000	79
		_UpdateCfList  		CODE           	31E2	0000	457
		_LORAWAN_SetChannelIdStatus		CODE           	6FBE	0000	57
		_StopAllSoftwareTimers		CODE           	6ACE	0000	79
		_UpdateChannelIdStatus		CODE           	47B2	0000	263
		_ConfigureRadio		CODE           	606E	0000	125
		_LORAWAN_TxDone		CODE           	0B34	0000	2177
		_ExecuteDevStatus		CODE           	7806	0000	11
		_CreateAllSoftwareTimers		CODE           	69E0	0000	83

mcc_generated_files/LoRaWAN/lorawan_eu.c estimated size: 8370

mcc_generated_files/mcc.c
		_OSCILLATOR_Initialize		CODE           	774E	0000	19
		_SYSTEM_Initialize		CODE           	75CA	0000	29

mcc_generated_files/mcc.c estimated size: 48

C:\Program Files (x86)\Microchip\xc8\v1.38\sources\common\memset.c
		_memset        		CODE           	72C0	0000	43

C:\Program Files (x86)\Microchip\xc8\v1.38\sources\common\memset.c estimated size: 43

mcc_generated_files/tmr1.c
		_TMR1_Initialize		CODE           	6C8A	0000	69
		_TMR1_SetInterruptHandler		CODE           	77DE	0000	11
		_TMR1_DefaultInterruptHandler		CODE           	78F8	0000	3
		_TMR1_CallBack 		CODE           	7552	0000	31
		_TMR1_WriteTimer		CODE           	7602	0000	29
		_TMR1_StartTimer		CODE           	78D8	0000	5
		_TMR1_ReadTimer		CODE           	749A	0000	33
		_TMR1_ISR      		CODE           	73D0	0000	37

mcc_generated_files/tmr1.c estimated size: 218

mcc_generated_files/LoRaWAN/AES.c
		_AESEncode     		CODE           	2138	0000	755
		_EncKeySchedule		CODE           	29C8	0000	573
		_EncodeShiftRow		CODE           	3D6C	0000	355

mcc_generated_files/LoRaWAN/AES.c estimated size: 1683

mcc_generated_files/spi2.c
		_SPI2_Exchange8bit		CODE           	7772	0000	19
		_SPI2_Initialize		CODE           	77BC	0000	13

mcc_generated_files/spi2.c estimated size: 32

C:\Program Files (x86)\Microchip\xc8\v1.38\sources\common\abdiv.c
		___abdiv       		CODE           	693C	0000	83

C:\Program Files (x86)\Microchip\xc8\v1.38\sources\common\abdiv.c estimated size: 83

main.c
		_sendPacket    		CODE           	71EE	0000	43
		_main          		CODE           	51FC	0000	219
		_flash         		CODE           	6C44	0000	71
		_RxJoinResponse		CODE           	78A8	0000	7
		_RxDataDone    		CODE           	78F6	0000	3

main.c estimated size: 343

